global fit on 4621 clips ({np.str_('broiler'): np.int64(1500), np.str_('calls'): np.int64(121), np.str_('pullet'): np.int64(1500), np.str_('pullet_control'): np.int64(1500)}), 871 bins 203-7000 Hz
<repo>/src/syrinx_pinn.py:179: UserWarning: Converting a tensor with requires_grad=True to a scalar may lead to unexpected behavior.
Consider using tensor.detach() first. (Triggered internally at /Users/runner/work/pytorch/pytorch/pytorch/torch/csrc/autograd/generated/python_variable_methods.cpp:837.)
  log(f"    step {it:5d}  log-spectral loss {float(loss):.4f}  "
    step     0  log-spectral loss 6.6917  eps 0.0196  Q 3.92
    step   300  log-spectral loss 2.2380  eps 0.0071  Q 5.54
    step   600  log-spectral loss 2.0944  eps 0.0063  Q 6.42
    step   900  log-spectral loss 2.0625  eps 0.0061  Q 7.15
    step   999  log-spectral loss 2.0572  eps 0.0061  Q 7.34
  broiler  n= 1500  f0 median 898 Hz  tract 6.6 cm  voiced 0.36
  calls    n=  121  f0 median 779 Hz  tract 9.1 cm  voiced 0.70
  pullet   n= 1500  f0 median 1285 Hz  tract 22.4 cm  voiced 0.04
  pullet_control n= 1500  f0 median 1295 Hz  tract 2.8 cm  voiced 0.21
grid-sensitivity fit (150 Hz - 6 kHz)
  wide grid broiler  f0 median 402 Hz (narrow grid 898 Hz)
  wide grid calls    f0 median 394 Hz (narrow grid 779 Hz)
  wide grid pullet   f0 median 1089 Hz (narrow grid 1285 Hz)
  wide grid pullet_control f0 median 1190 Hz (narrow grid 1295 Hz)
  tract length: 14 % of clips at a bound; percentiles [2.3, 2.9, 6.9, 23.3, 24.1] cm
  broiler class 0: Spearman(f0, file index) = 0.48 (p=0.000, n=139)
  broiler class 1: Spearman(f0, file index) = -0.67 (p=0.000, n=97)
broiler: protocols (physics refitted per fold, labels only in the regression)
  broiler random     fold0    n_test=  688
  broiler random     fold1    n_test=  688
  broiler random     fold2    n_test=  688
  broiler random     fold3    n_test=  688
  broiler random     fold4    n_test=  687
  broiler random: physics_7_named 0.867 [0.83,0.90]  physics_8_with_tract 0.869 [0.84,0.90]  physics_5_spectral 0.814 [0.77,0.85]  f0_distribution 0.965 [0.95,0.97]  band_energies 0.957 [0.94,0.97]  transients_only 0.650 [0.61,0.69]  loudness_only 0.951 [0.92,0.98]  free_net_no_physics 0.708 [0.68,0.74]  free_net_physics_loss 0.795 [0.76,0.83]
  broiler session    fold0    n_test=  688
  broiler session    fold1    n_test=  688
  broiler session    fold2    n_test=  688
  broiler session    fold3    n_test=  688
  broiler session    fold4    n_test=  687
  broiler session: physics_7_named 0.833 [0.79,0.87]  physics_8_with_tract 0.833 [0.79,0.87]  physics_5_spectral 0.774 [0.73,0.82]  f0_distribution 0.963 [0.95,0.97]  band_energies 0.953 [0.94,0.97]  transients_only 0.630 [0.58,0.68]  loudness_only 0.950 [0.91,0.98]  free_net_no_physics 0.674 [0.63,0.72]  free_net_physics_loss 0.735 [0.69,0.78]
pullet: protocols (physics refitted per fold, labels only in the regression)
  pullet random     fold0    n_test=  840
  pullet random     fold1    n_test=  840
  pullet random     fold2    n_test=  840
  pullet random     fold3    n_test=  840
  pullet random     fold4    n_test=  840
  pullet random: physics_7_named 0.563 [0.51,0.61]  physics_8_with_tract 0.567 [0.51,0.61]  physics_5_spectral 0.555 [0.50,0.60]  f0_distribution 0.576 [0.48,0.67]  band_energies 0.606 [0.49,0.70]  transients_only 0.540 [0.49,0.59]  loudness_only 0.581 [0.45,0.69]  free_net_no_physics 0.513 [0.49,0.53]  free_net_physics_loss 0.567 [0.50,0.63]
  pullet session    fold0    n_test=  840
  pullet session    fold1    n_test=  840
  pullet session    fold2    n_test=  840
  pullet session    fold3    n_test=  840
  pullet session    fold4    n_test=  840
  pullet session: physics_7_named 0.508 [0.45,0.55]  physics_8_with_tract 0.497 [0.44,0.54]  physics_5_spectral 0.502 [0.44,0.55]  f0_distribution 0.512 [0.40,0.61]  band_energies 0.484 [0.38,0.59]  transients_only 0.520 [0.47,0.57]  loudness_only 0.558 [0.42,0.68]  free_net_no_physics 0.515 [0.39,0.63]  free_net_physics_loss 0.516 [0.44,0.58]
  pullet week       W1       n_test= 1140
  pullet week       W2       n_test= 1380
  pullet week       W3       n_test= 1200
  pullet week       W4       n_test=  360
  pullet week       W5       n_test=  120
  pullet week: physics_7_named 0.545 [0.50,0.59]  physics_8_with_tract 0.545 [0.49,0.59]  physics_5_spectral 0.541 [0.48,0.59]  f0_distribution 0.560 [0.46,0.65]  band_energies 0.594 [0.45,0.72]  transients_only 0.530 [0.49,0.57]  loudness_only 0.570 [0.42,0.70]  free_net_no_physics 0.539 [0.39,0.67]  free_net_physics_loss 0.553 [0.45,0.65]
pullet_control: protocols (physics refitted per fold, labels only in the regression)
  pullet_control random     fold0    n_test=  384
  pullet_control random     fold1    n_test=  384
  pullet_control random     fold2    n_test=  384
  pullet_control random     fold3    n_test=  384
  pullet_control random     fold4    n_test=  384
  pullet_control random: physics_7_named 0.580 [0.46,0.71]  physics_8_with_tract 0.584 [0.46,0.72]  physics_5_spectral 0.582 [0.45,0.72]  f0_distribution 0.574 [0.44,0.71]  band_energies 0.628 [0.43,0.81]  transients_only 0.527 [0.46,0.60]  loudness_only 0.547 [0.35,0.77]  free_net_no_physics 0.545 [0.49,0.59]  free_net_physics_loss 0.586 [0.46,0.72]
  pullet_control session    fold0    n_test=  480
  pullet_control session    fold1    n_test=  480
  pullet_control session    fold2    n_test=  480
  pullet_control session    fold3    n_test=  240
  pullet_control session    fold4    n_test=  240
  pullet_control session: physics_7_named 0.491 [0.35,0.62]  physics_8_with_tract 0.495 [0.32,0.65]  physics_5_spectral 0.507 [0.35,0.64]  f0_distribution 0.477 [0.40,0.58]  band_energies 0.423 [0.22,0.61]  transients_only 0.453 [0.39,0.51]  loudness_only 0.377 [0.21,0.54]  free_net_no_physics 0.476 [0.36,0.61]  free_net_physics_loss 0.503 [0.30,0.71]
  pullet_control week       W4       n_test= 1440
  pullet_control week       W5       n_test=  480
  pullet_control week: physics_7_named 0.585 [0.41,0.76]  physics_8_with_tract 0.588 [0.38,0.79]  physics_5_spectral 0.585 [0.39,0.77]  f0_distribution 0.521 [0.38,0.68]  band_energies 0.582 [0.27,0.87]  transients_only 0.533 [0.47,0.61]  loudness_only 0.533 [0.24,0.83]  free_net_no_physics 0.528 [0.32,0.73]  free_net_physics_loss 0.576 [0.32,0.82]
saved
